// Jest Snapshot v1, https://goo.gl/fbAQLP

exports[`implementation options should work: css 1`] = `
".box {
  color: #fe33ac;
  border-color: #fdcdea;
  background: url(box.png);
}
.box div {
  -webkit-box-shadow: 0 0 5px rgba(0, 0, 0, 0.3);
  box-shadow: 0 0 5px rgba(0, 0, 0, 0.3);
}
"
`;

exports[`implementation options should work: errors 1`] = `Array []`;

exports[`implementation options should work: warnings 1`] = `Array []`;
