// Jest Snapshot v1, https://goo.gl/fbAQLP

exports[`"sourceMap" options should generate source maps when the "devtool" value is "source-map": css 1`] = `
".modules-dir-some-module,
#it-works {
  color: hotpink;
}
#it-works {
  margin: 10px;
}
"
`;

exports[`"sourceMap" options should generate source maps when the "devtool" value is "source-map": errors 1`] = `Array []`;

exports[`"sourceMap" options should generate source maps when the "devtool" value is "source-map": source map 1`] = `
Object {
  "mappings": "AAAA;ACEA;EDDC,cAAA;;ACCD;EACE,YAAA",
  "names": Array [],
  "sourceRoot": "",
  "sources": Array [
    "test/fixtures/node_modules/some/module.less",
    "test/fixtures/source-map.less",
  ],
  "sourcesContent": Array [
    ".modules-dir-some-module {
	color: hotpink;
}
",
    "@import \\"some/module\\";

#it-works:extend(.modules-dir-some-module) {
  margin: 10px;
}
",
  ],
  "version": 3,
}
`;

exports[`"sourceMap" options should generate source maps when the "devtool" value is "source-map": warnings 1`] = `Array []`;

exports[`"sourceMap" options should generate source maps when value has "false" value, but the "lessOptions.sourceMap.outputSourceFiles" is "true": css 1`] = `
".modules-dir-some-module,
#it-works {
  color: hotpink;
}
#it-works {
  margin: 10px;
}
"
`;

exports[`"sourceMap" options should generate source maps when value has "false" value, but the "lessOptions.sourceMap.outputSourceFiles" is "true": errors 1`] = `Array []`;

exports[`"sourceMap" options should generate source maps when value has "false" value, but the "lessOptions.sourceMap.outputSourceFiles" is "true": source map 1`] = `
Object {
  "mappings": "AAAA;ACEA;EDDC,cAAA;;ACCD;EACE,YAAA",
  "names": Array [],
  "sourceRoot": "",
  "sources": Array [
    "test/fixtures/node_modules/some/module.less",
    "test/fixtures/source-map.less",
  ],
  "sourcesContent": Array [
    ".modules-dir-some-module {
	color: hotpink;
}
",
    "@import \\"some/module\\";

#it-works:extend(.modules-dir-some-module) {
  margin: 10px;
}
",
  ],
  "version": 3,
}
`;

exports[`"sourceMap" options should generate source maps when value has "false" value, but the "lessOptions.sourceMap.outputSourceFiles" is "true": warnings 1`] = `Array []`;

exports[`"sourceMap" options should generate source maps when value is "true" and the "devtool" value is "false": css 1`] = `
".modules-dir-some-module,
#it-works {
  color: hotpink;
}
#it-works {
  margin: 10px;
}
"
`;

exports[`"sourceMap" options should generate source maps when value is "true" and the "devtool" value is "false": errors 1`] = `Array []`;

exports[`"sourceMap" options should generate source maps when value is "true" and the "devtool" value is "false": source map 1`] = `
Object {
  "mappings": "AAAA;ACEA;EDDC,cAAA;;ACCD;EACE,YAAA",
  "names": Array [],
  "sourceRoot": "",
  "sources": Array [
    "test/fixtures/node_modules/some/module.less",
    "test/fixtures/source-map.less",
  ],
  "sourcesContent": Array [
    ".modules-dir-some-module {
	color: hotpink;
}
",
    "@import \\"some/module\\";

#it-works:extend(.modules-dir-some-module) {
  margin: 10px;
}
",
  ],
  "version": 3,
}
`;

exports[`"sourceMap" options should generate source maps when value is "true" and the "devtool" value is "false": warnings 1`] = `Array []`;

exports[`"sourceMap" options should generate source maps when value is "true": css 1`] = `
".modules-dir-some-module,
#it-works {
  color: hotpink;
}
#it-works {
  margin: 10px;
}
"
`;

exports[`"sourceMap" options should generate source maps when value is "true": errors 1`] = `Array []`;

exports[`"sourceMap" options should generate source maps when value is "true": source map 1`] = `
Object {
  "mappings": "AAAA;ACEA;EDDC,cAAA;;ACCD;EACE,YAAA",
  "names": Array [],
  "sourceRoot": "",
  "sources": Array [
    "test/fixtures/node_modules/some/module.less",
    "test/fixtures/source-map.less",
  ],
  "sourcesContent": Array [
    ".modules-dir-some-module {
	color: hotpink;
}
",
    "@import \\"some/module\\";

#it-works:extend(.modules-dir-some-module) {
  margin: 10px;
}
",
  ],
  "version": 3,
}
`;

exports[`"sourceMap" options should generate source maps when value is "true": warnings 1`] = `Array []`;

exports[`"sourceMap" options should not generate source maps when the "devtool" value is "false": css 1`] = `
".modules-dir-some-module,
#it-works {
  color: hotpink;
}
#it-works {
  margin: 10px;
}
"
`;

exports[`"sourceMap" options should not generate source maps when the "devtool" value is "false": errors 1`] = `Array []`;

exports[`"sourceMap" options should not generate source maps when the "devtool" value is "false": warnings 1`] = `Array []`;

exports[`"sourceMap" options should not generate source maps when value is "false" and the "devtool" value is "source-map": css 1`] = `
".modules-dir-some-module,
#it-works {
  color: hotpink;
}
#it-works {
  margin: 10px;
}
"
`;

exports[`"sourceMap" options should not generate source maps when value is "false" and the "devtool" value is "source-map": errors 1`] = `Array []`;

exports[`"sourceMap" options should not generate source maps when value is "false" and the "devtool" value is "source-map": warnings 1`] = `Array []`;

exports[`"sourceMap" options should not generate source maps when value is "false": css 1`] = `
".modules-dir-some-module,
#it-works {
  color: hotpink;
}
#it-works {
  margin: 10px;
}
"
`;

exports[`"sourceMap" options should not generate source maps when value is "false": errors 1`] = `Array []`;

exports[`"sourceMap" options should not generate source maps when value is "false": warnings 1`] = `Array []`;
