// Jest Snapshot v1, https://goo.gl/fbAQLP

exports[`"webpackImporter" option should throw an error on webpack import when value is "false": errors 1`] = `
Array [
  "ModuleBuildError: Module build failed (from \`replaced original path\`):
",
]
`;

exports[`"webpackImporter" option should throw an error on webpack import when value is "false": warnings 1`] = `Array []`;

exports[`"webpackImporter" option should work when value is "false": css 1`] = `
"@import \\"css.css\\";
@import \\"css.css\\";
.classical-css,
#it-works {
  background: hotpink;
}
.box,
#it-works {
  color: #fe33ac;
  border-color: #fdcdea;
  background: url(box.png);
}
.box div {
  -webkit-box-shadow: 0 0 5px rgba(0, 0, 0, 0.3);
  box-shadow: 0 0 5px rgba(0, 0, 0, 0.3);
}
#it-works {
  margin: 10px;
}
"
`;

exports[`"webpackImporter" option should work when value is "false": errors 1`] = `Array []`;

exports[`"webpackImporter" option should work when value is "false": warnings 1`] = `Array []`;

exports[`"webpackImporter" option should work when value is "true": css 1`] = `
"@import \\"some/css.css\\";
@import \\"some/css.css\\";
#it-works {
  color: hotpink;
}
.modules-dir-some-module,
#it-works {
  background: hotpink;
}
#it-works {
  margin: 10px;
}
"
`;

exports[`"webpackImporter" option should work when value is "true": errors 1`] = `Array []`;

exports[`"webpackImporter" option should work when value is "true": warnings 1`] = `Array []`;

exports[`"webpackImporter" option should work when value is not specify: css 1`] = `
"@import \\"some/css.css\\";
@import \\"some/css.css\\";
#it-works {
  color: hotpink;
}
.modules-dir-some-module,
#it-works {
  background: hotpink;
}
#it-works {
  margin: 10px;
}
"
`;

exports[`"webpackImporter" option should work when value is not specify: errors 1`] = `Array []`;

exports[`"webpackImporter" option should work when value is not specify: warnings 1`] = `Array []`;
